Archive member included to satisfy reference by file (symbol)

C:/ST/STM32CubeIDE_1.15.1/STM32CubeIDE/plugins/com.st.stm32cube.ide.mcu.externaltools.gnu-tools-for-stm32.12.3.rel1.win32_1.0.100.202403111256/tools/bin/../lib/gcc/arm-none-eabi/12.3.1/../../../../arm-none-eabi/lib/thumb/v7-m/nofp\libc_nano.a(libc_a-exit.o)
                              C:/ST/STM32CubeIDE_1.15.1/STM32CubeIDE/plugins/com.st.stm32cube.ide.mcu.externaltools.gnu-tools-for-stm32.12.3.rel1.win32_1.0.100.202403111256/tools/bin/../lib/gcc/arm-none-eabi/12.3.1/../../../../arm-none-eabi/lib/thumb/v7-m/nofp/crt0.o (exit)
C:/ST/STM32CubeIDE_1.15.1/STM32CubeIDE/plugins/com.st.stm32cube.ide.mcu.externaltools.gnu-tools-for-stm32.12.3.rel1.win32_1.0.100.202403111256/tools/bin/../lib/gcc/arm-none-eabi/12.3.1/../../../../arm-none-eabi/lib/thumb/v7-m/nofp\libc_nano.a(libc_a-findfp.o)
                              C:/ST/STM32CubeIDE_1.15.1/STM32CubeIDE/plugins/com.st.stm32cube.ide.mcu.externaltools.gnu-tools-for-stm32.12.3.rel1.win32_1.0.100.202403111256/tools/bin/../lib/gcc/arm-none-eabi/12.3.1/../../../../arm-none-eabi/lib/thumb/v7-m/nofp\libc_nano.a(libc_a-exit.o) (__stdio_exit_handler)
C:/ST/STM32CubeIDE_1.15.1/STM32CubeIDE/plugins/com.st.stm32cube.ide.mcu.externaltools.gnu-tools-for-stm32.12.3.rel1.win32_1.0.100.202403111256/tools/bin/../lib/gcc/arm-none-eabi/12.3.1/../../../../arm-none-eabi/lib/thumb/v7-m/nofp\libc_nano.a(libc_a-fwalk.o)
                              C:/ST/STM32CubeIDE_1.15.1/STM32CubeIDE/plugins/com.st.stm32cube.ide.mcu.externaltools.gnu-tools-for-stm32.12.3.rel1.win32_1.0.100.202403111256/tools/bin/../lib/gcc/arm-none-eabi/12.3.1/../../../../arm-none-eabi/lib/thumb/v7-m/nofp\libc_nano.a(libc_a-findfp.o) (_fwalk_sglue)
C:/ST/STM32CubeIDE_1.15.1/STM32CubeIDE/plugins/com.st.stm32cube.ide.mcu.externaltools.gnu-tools-for-stm32.12.3.rel1.win32_1.0.100.202403111256/tools/bin/../lib/gcc/arm-none-eabi/12.3.1/../../../../arm-none-eabi/lib/thumb/v7-m/nofp\libc_nano.a(libc_a-snprintf.o)
                              ./Core/Src/main.o (snprintf)
C:/ST/STM32CubeIDE_1.15.1/STM32CubeIDE/plugins/com.st.stm32cube.ide.mcu.externaltools.gnu-tools-for-stm32.12.3.rel1.win32_1.0.100.202403111256/tools/bin/../lib/gcc/arm-none-eabi/12.3.1/../../../../arm-none-eabi/lib/thumb/v7-m/nofp\libc_nano.a(libc_a-stdio.o)
                              C:/ST/STM32CubeIDE_1.15.1/STM32CubeIDE/plugins/com.st.stm32cube.ide.mcu.externaltools.gnu-tools-for-stm32.12.3.rel1.win32_1.0.100.202403111256/tools/bin/../lib/gcc/arm-none-eabi/12.3.1/../../../../arm-none-eabi/lib/thumb/v7-m/nofp\libc_nano.a(libc_a-findfp.o) (__sread)
C:/ST/STM32CubeIDE_1.15.1/STM32CubeIDE/plugins/com.st.stm32cube.ide.mcu.externaltools.gnu-tools-for-stm32.12.3.rel1.win32_1.0.100.202403111256/tools/bin/../lib/gcc/arm-none-eabi/12.3.1/../../../../arm-none-eabi/lib/thumb/v7-m/nofp\libc_nano.a(libc_a-memset.o)
                              C:/ST/STM32CubeIDE_1.15.1/STM32CubeIDE/plugins/com.st.stm32cube.ide.mcu.externaltools.gnu-tools-for-stm32.12.3.rel1.win32_1.0.100.202403111256/tools/bin/../lib/gcc/arm-none-eabi/12.3.1/../../../../arm-none-eabi/lib/thumb/v7-m/nofp/crt0.o (memset)
C:/ST/STM32CubeIDE_1.15.1/STM32CubeIDE/plugins/com.st.stm32cube.ide.mcu.externaltools.gnu-tools-for-stm32.12.3.rel1.win32_1.0.100.202403111256/tools/bin/../lib/gcc/arm-none-eabi/12.3.1/../../../../arm-none-eabi/lib/thumb/v7-m/nofp\libc_nano.a(libc_a-closer.o)
                              C:/ST/STM32CubeIDE_1.15.1/STM32CubeIDE/plugins/com.st.stm32cube.ide.mcu.externaltools.gnu-tools-for-stm32.12.3.rel1.win32_1.0.100.202403111256/tools/bin/../lib/gcc/arm-none-eabi/12.3.1/../../../../arm-none-eabi/lib/thumb/v7-m/nofp\libc_nano.a(libc_a-stdio.o) (_close_r)
C:/ST/STM32CubeIDE_1.15.1/STM32CubeIDE/plugins/com.st.stm32cube.ide.mcu.externaltools.gnu-tools-for-stm32.12.3.rel1.win32_1.0.100.202403111256/tools/bin/../lib/gcc/arm-none-eabi/12.3.1/../../../../arm-none-eabi/lib/thumb/v7-m/nofp\libc_nano.a(libc_a-reent.o)
                              C:/ST/STM32CubeIDE_1.15.1/STM32CubeIDE/plugins/com.st.stm32cube.ide.mcu.externaltools.gnu-tools-for-stm32.12.3.rel1.win32_1.0.100.202403111256/tools/bin/../lib/gcc/arm-none-eabi/12.3.1/../../../../arm-none-eabi/lib/thumb/v7-m/nofp\libc_nano.a(libc_a-closer.o) (errno)
C:/ST/STM32CubeIDE_1.15.1/STM32CubeIDE/plugins/com.st.stm32cube.ide.mcu.externaltools.gnu-tools-for-stm32.12.3.rel1.win32_1.0.100.202403111256/tools/bin/../lib/gcc/arm-none-eabi/12.3.1/../../../../arm-none-eabi/lib/thumb/v7-m/nofp\libc_nano.a(libc_a-impure.o)
                              C:/ST/STM32CubeIDE_1.15.1/STM32CubeIDE/plugins/com.st.stm32cube.ide.mcu.externaltools.gnu-tools-for-stm32.12.3.rel1.win32_1.0.100.202403111256/tools/bin/../lib/gcc/arm-none-eabi/12.3.1/../../../../arm-none-eabi/lib/thumb/v7-m/nofp\libc_nano.a(libc_a-snprintf.o) (_impure_ptr)
[...]
Memory Configuration

Name             Origin             Length             Attributes
RAM              0x20000000         0x00005000         xrw
FLASH            0x08000000         0x00010000         xr
*default*        0x00000000         0xffffffff

Linker script and memory map

LOAD C:/ST/STM32CubeIDE_1.15.1/STM32CubeIDE/plugins/com.st.stm32cube.ide.mcu.externaltools.gnu-tools-for-stm32.12.3.rel1.win32_1.0.100.202403111256/tools/bin/../lib/gcc/arm-none-eabi/12.3.1/thumb/v7-m/nofp/crti.o
LOAD C:/ST/STM32CubeIDE_1.15.1/STM32CubeIDE/plugins/com.st.stm32cube.ide.mcu.externaltools.gnu-tools-for-stm32.12.3.rel1.win32_1.0.100.202403111256/tools/bin/../lib/gcc/arm-none-eabi/12.3.1/thumb/v7-m/nofp/crtbegin.o
LOAD C:/ST/STM32CubeIDE_1.15.1/STM32CubeIDE/plugins/com.st.stm32cube.ide.mcu.externaltools.gnu-tools-for-stm32.12.3.rel1.win32_1.0.100.202403111256/tools/bin/../lib/gcc/arm-none-eabi/12.3.1/../../../../arm-none-eabi/lib/thumb/v7-m/nofp/crt0.o
LOAD ./Core/Src/main.o
LOAD ./Core/Src/stm32f1xx_hal_msp.o
LOAD ./Core/Src/stm32f1xx_it.o
LOAD ./Core/Src/syscalls.o
LOAD ./Core/Src/sysmem.o
LOAD ./Core/Src/system_stm32f1xx.o
LOAD ./Core/Startup/startup_stm32f103c8tx.o
LOAD ./Drivers/STM32F1xx_HAL_Driver/Src/stm32f1xx_hal.o
LOAD ./Drivers/STM32F1xx_HAL_Driver/Src/stm32f1xx_hal_cortex.o
LOAD ./Drivers/STM32F1xx_HAL_Driver/Src/stm32f1xx_hal_dma.o
LOAD ./Drivers/STM32F1xx_HAL_Driver/Src/stm32f1xx_hal_exti.o
LOAD ./Drivers/STM32F1xx_HAL_Driver/Src/stm32f1xx_hal_flash.o
LOAD ./Drivers/STM32F1xx_HAL_Driver/Src/stm32f1xx_hal_flash_ex.o
LOAD ./Drivers/STM32F1xx_HAL_Driver/Src/stm32f1xx_hal_gpio.o
LOAD ./Drivers/STM32F1xx_HAL_Driver/Src/stm32f1xx_hal_gpio_ex.o
LOAD ./Drivers/STM32F1xx_HAL_Driver/Src/stm32f1xx_hal_pwr.o
LOAD ./Drivers/STM32F1xx_HAL_Driver/Src/stm32f1xx_hal_rcc.o
LOAD ./Drivers/STM32F1xx_HAL_Driver/Src/stm32f1xx_hal_rcc_ex.o
LOAD ./Drivers/STM32F1xx_HAL_Driver/Src/stm32f1xx_hal_tim.o
LOAD ./Drivers/STM32F1xx_HAL_Driver/Src/stm32f1xx_hal_tim_ex.o
LOAD ./Drivers/STM32F1xx_HAL_Driver/Src/stm32f1xx_hal_uart.o
START GROUP
LOAD C:/ST/STM32CubeIDE_1.15.1/STM32CubeIDE/plugins/com.st.stm32cube.ide.mcu.externaltools.gnu-tools-for-stm32.12.3.rel1.win32_1.0.100.202403111256/tools/bin/../lib/gcc/arm-none-eabi/12.3.1/../../../../arm-none-eabi/lib/thumb/v7-m/nofp\libc_nano.a
LOAD C:/ST/STM32CubeIDE_1.15.1/STM32CubeIDE/plugins/com.st.stm32cube.ide.mcu.externaltools.gnu-tools-for-stm32.12.3.rel1.win32_1.0.100.202403111256/tools/bin/../lib/gcc/arm-none-eabi/12.3.1/../../../../arm-none-eabi/lib/thumb/v7-m/nofp\libm.a
END GROUP
START GROUP
LOAD C:/ST/STM32CubeIDE_1.15.1/STM32CubeIDE/plugins/com.st.stm32cube.ide.mcu.externaltools.gnu-tools-for-stm32.12.3.rel1.win32_1.0.100.202403111256/tools/bin/../lib/gcc/arm-none-eabi/12.3.1/thumb/v7-m/nofp\libgcc.a
LOAD C:/ST/STM32CubeIDE_1.15.1/STM32CubeIDE/plugins/com.st.stm32cube.ide.mcu.externaltools.gnu-tools-for-stm32.12.3.rel1.win32_1.0.100.202403111256/tools/bin/../lib/gcc/arm-none-eabi/12.3.1/../../../../arm-none-eabi/lib/thumb/v7-m/nofp\libc_nano.a
END GROUP
START GROUP
LOAD C:/ST/STM32CubeIDE_1.15.1/STM32CubeIDE/plugins/com.st.stm32cube.ide.mcu.externaltools.gnu-tools-for-stm32.12.3.rel1.win32_1.0.100.202403111256/tools/bin/../lib/gcc/arm-none-eabi/12.3.1/thumb/v7-m/nofp\libgcc.a
LOAD C:/ST/STM32CubeIDE_1.15.1/STM32CubeIDE/plugins/com.st.stm32cube.ide.mcu.externaltools.gnu-tools-for-stm32.12.3.rel1.win32_1.0.100.202403111256/tools/bin/../lib/gcc/arm-none-eabi/12.3.1/../../../../arm-none-eabi/lib/thumb/v7-m/nofp\libc_nano.a
LOAD C:/ST/STM32CubeIDE_1.15.1/STM32CubeIDE/plugins/com.st.stm32cube.ide.mcu.externaltools.gnu-tools-for-stm32.12.3.rel1.win32_1.0.100.202403111256/tools/bin/../lib/gcc/arm-none-eabi/12.3.1/../../../../arm-none-eabi/lib/thumb/v7-m/nofp\libnosys.a
END GROUP
START GROUP
LOAD C:/ST/STM32CubeIDE_1.15.1/STM32CubeIDE/plugins/com.st.stm32cube.ide.mcu.externaltools.gnu-tools-for-stm32.12.3.rel1.win32_1.0.100.202403111256/tools/bin/../lib/gcc/arm-none-eabi/12.3.1/thumb/v7-m/nofp\libgcc.a
LOAD C:/ST/STM32CubeIDE_1.15.1/STM32CubeIDE/plugins/com.st.stm32cube.ide.mcu.externaltools.gnu-tools-for-stm32.12.3.rel1.win32_1.0.100.202403111256/tools/bin/../lib/gcc/arm-none-eabi/12.3.1/../../../../arm-none-eabi/lib/thumb/v7-m/nofp\libc_nano.a
LOAD C:/ST/STM32CubeIDE_1.15.1/STM32CubeIDE/plugins/com.st.stm32cube.ide.mcu.externaltools.gnu-tools-for-stm32.12.3.rel1.win32_1.0.100.202403111256/tools/bin/../lib/gcc/arm-none-eabi/12.3.1/../../../../arm-none-eabi/lib/thumb/v7-m/nofp\libnosys.a
END GROUP
LOAD C:/ST/STM32CubeIDE_1.15.1/STM32CubeIDE/plugins/com.st.stm32cube.ide.mcu.externaltools.gnu-tools-for-stm32.12.3.rel1.win32_1.0.100.202403111256/tools/bin/../lib/gcc/arm-none-eabi/12.3.1/thumb/v7-m/nofp/crtend.o
LOAD C:/ST/STM32CubeIDE_1.15.1/STM32CubeIDE/plugins/com.st.stm32cube.ide.mcu.externaltools.gnu-tools-for-stm32.12.3.rel1.win32_1.0.100.202403111256/tools/bin/../lib/gcc/arm-none-eabi/12.3.1/thumb/v7-m/nofp/crtn.o
                0x20005000                        _estack = (ORIGIN (RAM) + LENGTH (RAM))
                0x00000200                        _Min_Heap_Size = 0x200
                0x00000400                        _Min_Stack_Size = 0x400

.isr_vector     0x08000000      0x10c
                0x08000000                        . = ALIGN (0x4)
 *(.isr_vector)
 .isr_vector    0x08000000      0x10c ./Core/Startup/startup_stm32f103c8tx.o
                0x08000000                g_pfnVectors
                0x0800010c                        . = ALIGN (0x4)

.text           0x0800010c     0x2084
                0x0800010c                        . = ALIGN (0x4)
 *(.text)
 .text          0x0800010c       0x40 C:/ST/STM32CubeIDE_1.15.1/STM32CubeIDE/plugins/com.st.stm32cube.ide.mcu.externaltools.gnu-tools-for-stm32.12.3.rel1.win32_1.0.100.202403111256/tools/bin/../lib/gcc/arm-none-eabi/12.3.1/thumb/v7-m/nofp/crtbegin.o
 .text          0x0800014c       0x14 C:/ST/STM32CubeIDE_1.15.1/STM32CubeIDE/plugins/com.st.stm32cube.ide.mcu.externaltools.gnu-tools-for-stm32.12.3.rel1.win32_1.0.100.202403111256/tools/bin/../lib/gcc/arm-none-eabi/12.3.1/../../../../arm-none-eabi/lib/thumb/v7-m/nofp\libc_nano.a(libc_a-strcmp.o)
                0x0800014c                strcmp
 *(.text*)
 .text.check_send_flags
                0x08000160        0xc ./Core/Src/main.o
                0x08000160                check_send_flags
 .text.check_USART_1_routine
                0x0800016c       0x90 ./Core/Src/main.o
                0x0800016c                check_USART_1_routine
 .text.check_USART_2_routine
                0x080001fc       0x74 ./Core/Src/main.o
                0x080001fc                check_USART_2_routine
 .text.check_FIFO_queue
                0x08000270       0x48 ./Core/Src/main.o
                0x08000270                check_FIFO_queue
 .text.fifo_enqueue
                0x080002b8       0x58 ./Core/Src/main.o
                0x080002b8                fifo_enqueue
 .text.fifo_dequeue
                0x08000310       0x54 ./Core/Src/main.o
                0x08000310                fifo_dequeue
 .text.is_fifo_empty
                0x08000364       0x28 ./Core/Src/main.o
                0x08000364                is_fifo_empty
 .text.circular_buffer_write
                0x0800038c       0x44 ./Core/Src/main.o
                0x0800038c                circular_buffer_write
 .text.circular_buffer_read
                0x080003d0       0x42 ./Core/Src/main.o
                0x080003d0                circular_buffer_read
 .text.check_for_new_message
                0x08000412       0x2e ./Core/Src/main.o
                0x08000412                check_for_new_message
 .text.HAL_UART_RxCpltCallback
                0x08000440      0x104 ./Core/Src/main.o
                0x08000440                HAL_UART_RxCpltCallback
 .text.function_play_alarm
                0x08000544       0x18 ./Core/Src/main.o
                0x08000544                function_play_alarm
 .text.main     0x0800055c       0x6c ./Core/Src/main.o
                0x0800055c                main
 .text.SystemClock_Config
                0x080005c8       0x76 ./Core/Src/main.o
                0x080005c8                SystemClock_Config
 *fill*         0x0800063e        0x2 
 .text.MX_USART1_UART_Init
                0x08000640       0x54 ./Core/Src/main.o
 .text.MX_USART2_UART_Init
                0x08000694       0x54 ./Core/Src/main.o
 .text.MX_GPIO_Init
                0x080006e8       0xb4 ./Core/Src/main.o
 .text.Error_Handler
                0x0800079c        0xc ./Core/Src/main.o
                0x0800079c                Error_Handler
 .text.HAL_MspInit
                0x080007a8       0x64 ./Core/Src/stm32f1xx_hal_msp.o
                0x080007a8                HAL_MspInit
 .text.HAL_UART_MspInit
                0x0800080c      0x128 ./Core/Src/stm32f1xx_hal_msp.o
                0x0800080c                HAL_UART_MspInit
 .text.NMI_Handler
                0x08000934        0x8 ./Core/Src/stm32f1xx_it.o
                0x08000934                NMI_Handler
 .text.HardFault_Handler
                0x0800093c        0x8 ./Core/Src/stm32f1xx_it.o
                0x0800093c                HardFault_Handler
 .text.MemManage_Handler
                0x08000944        0x8 ./Core/Src/stm32f1xx_it.o
                0x08000944                MemManage_Handler
 .text.BusFault_Handler
                0x0800094c        0x8 ./Core/Src/stm32f1xx_it.o
                0x0800094c                BusFault_Handler
 .text.UsageFault_Handler
                0x08000954        0x8 ./Core/Src/stm32f1xx_it.o
                0x08000954                UsageFault_Handler
 .text.SVC_Handler
                0x0800095c        0xc ./Core/Src/stm32f1xx_it.o
                0x0800095c                SVC_Handler
 .text.DebugMon_Handler
                0x08000968        0xc ./Core/Src/stm32f1xx_it.o
                0x08000968                DebugMon_Handler
 .text.PendSV_Handler
                0x08000974        0xc ./Core/Src/stm32f1xx_it.o
                0x08000974                PendSV_Handler
 .text.SysTick_Handler
                0x08000980        0xc ./Core/Src/stm32f1xx_it.o
                0x08000980                SysTick_Handler
 .text.USART1_IRQHandler
                0x0800098c       0x14 ./Core/Src/stm32f1xx_it.o
                0x0800098c                USART1_IRQHandler
 .text.USART2_IRQHandler
                0x080009a0       0x14 ./Core/Src/stm32f1xx_it.o
                0x080009a0                USART2_IRQHandler
 .text.SystemInit
                0x080009b4       0x68 ./Core/Src/system_stm32f1xx.o
                0x080009b4                SystemInit
 .text.Reset_Handler
                0x08000a1c       0x48 ./Core/Startup/startup_stm32f103c8tx.o
                0x08000a1c                Reset_Handler
 .text.Default_Handler
                0x08000a64        0x2 ./Core/Startup/startup_stm32f103c8tx.o
                0x08000a64                RTC_Alarm_IRQHandler
                0x08000a64                EXTI2_IRQHandler
                0x08000a64                TIM1_CC_IRQHandler
                0x08000a64                PVD_IRQHandler
                0x08000a64                EXTI3_IRQHandler
                0x08000a64                EXTI0_IRQHandler
                0x08000a64                I2C2_EV_IRQHandler
                0x08000a64                ADC1_2_IRQHandler
                0x08000a64                SPI1_IRQHandler
                0x08000a64                TAMPER_IRQHandler
                0x08000a64                DMA1_Channel4_IRQHandler
                0x08000a64                USART3_IRQHandler
                0x08000a64                RTC_IRQHandler
                0x08000a64                DMA1_Channel7_IRQHandler
                0x08000a64                CAN1_RX1_IRQHandler
                0x08000a64                TIM4_IRQHandler
                0x08000a64                I2C1_EV_IRQHandler
                0x08000a64                DMA1_Channel6_IRQHandler
                0x08000a64                TIM3_IRQHandler
                0x08000a64                RCC_IRQHandler
                0x08000a64                TIM1_TRG_COM_IRQHandler
                0x08000a64                DMA1_Channel1_IRQHandler
                0x08000a64                Default_Handler
                0x08000a64                EXTI15_10_IRQHandler
                0x08000a64                EXTI9_5_IRQHandler
                0x08000a64                SPI2_IRQHandler
                0x08000a64                DMA1_Channel5_IRQHandler
                0x08000a64                EXTI4_IRQHandler
                0x08000a64                USB_LP_CAN1_RX0_IRQHandler
                0x08000a64                USB_HP_CAN1_TX_IRQHandler
                0x08000a64                DMA1_Channel3_IRQHandler
                0x08000a64                TIM1_UP_IRQHandler
                0x08000a64                WWDG_IRQHandler
                0x08000a64                TIM2_IRQHandler
                0x08000a64                TIM1_BRK_IRQHandler
                0x08000a64                EXTI1_IRQHandler
                0x08000a64                I2C2_ER_IRQHandler
                0x08000a64                DMA1_Channel2_IRQHandler
                0x08000a64                CAN1_SCE_IRQHandler
                0x08000a64                FLASH_IRQHandler
                0x08000a64                I2C1_ER_IRQHandler
                0x08000a64                USBWakeUp_IRQHandler
 *fill*         0x08000a66        0x2 
 .text.HAL_Init
                0x08000a68       0x2c ./Drivers/STM32F1xx_HAL_Driver/Src/stm32f1xx_hal.o
                0x08000a68                HAL_Init
 .text.HAL_InitTick
                0x08000a94       0x60 ./Drivers/STM32F1xx_HAL_Driver/Src/stm32f1xx_hal.o
                0x08000a94                HAL_InitTick
 .text.HAL_IncTick
                0x08000af4       0x24 ./Drivers/STM32F1xx_HAL_Driver/Src/stm32f1xx_hal.o
                0x08000af4                HAL_IncTick
 .text.HAL_GetTick
                0x08000b18       0x14 ./Drivers/STM32F1xx_HAL_Driver/Src/stm32f1xx_hal.o
                0x08000b18                HAL_GetTick
 .text.__NVIC_SetPriorityGrouping
                0x08000b2c       0x48 ./Drivers/STM32F1xx_HAL_Driver/Src/stm32f1xx_hal_cortex.o
 .text.__NVIC_GetPriorityGrouping
                0x08000b74       0x1c ./Drivers/STM32F1xx_HAL_Driver/Src/stm32f1xx_hal_cortex.o
 .text.__NVIC_EnableIRQ
                0x08000b90       0x38 ./Drivers/STM32F1xx_HAL_Driver/Src/stm32f1xx_hal_cortex.o
 .text.__NVIC_SetPriority
                0x08000bc8       0x54 ./Drivers/STM32F1xx_HAL_Driver/Src/stm32f1xx_hal_cortex.o
 .text.NVIC_EncodePriority
                0x08000c1c       0x64 ./Drivers/STM32F1xx_HAL_Driver/Src/stm32f1xx_hal_cortex.o
 .text.SysTick_Config
                0x08000c80       0x44 ./Drivers/STM32F1xx_HAL_Driver/Src/stm32f1xx_hal_cortex.o
 .text.HAL_NVIC_SetPriorityGrouping
                0x08000cc4       0x16 ./Drivers/STM32F1xx_HAL_Driver/Src/stm32f1xx_hal_cortex.o
                0x08000cc4                HAL_NVIC_SetPriorityGrouping
 .text.HAL_NVIC_SetPriority
                0x08000cda       0x38 ./Drivers/STM32F1xx_HAL_Driver/Src/stm32f1xx_hal_cortex.o
                0x08000cda                HAL_NVIC_SetPriority
 .text.HAL_NVIC_EnableIRQ
                0x08000d12       0x1c ./Drivers/STM32F1xx_HAL_Driver/Src/stm32f1xx_hal_cortex.o
                0x08000d12                HAL_NVIC_EnableIRQ
 .text.HAL_SYSTICK_Config
                0x08000d2e       0x18 ./Drivers/STM32F1xx_HAL_Driver/Src/stm32f1xx_hal_cortex.o
                0x08000d2e                HAL_SYSTICK_Config
 *fill*         0x08000d46        0x2 
 .text.HAL_DMA_Abort_IT
                0x08000d48       0xec ./Drivers/STM32F1xx_HAL_Driver/Src/stm32f1xx_hal_dma.o
                0x08000d48                HAL_DMA_Abort_IT
 .text.HAL_GPIO_Init
                0x08000e34      0x308 ./Drivers/STM32F1xx_HAL_Driver/Src/stm32f1xx_hal_gpio.o
                0x08000e34                HAL_GPIO_Init
 .text.HAL_GPIO_WritePin
                0x0800113c       0x30 ./Drivers/STM32F1xx_HAL_Driver/Src/stm32f1xx_hal_gpio.o
                0x0800113c                HAL_GPIO_WritePin
 .text.HAL_GPIO_TogglePin
                0x0800116c       0x30 ./Drivers/STM32F1xx_HAL_Driver/Src/stm32f1xx_hal_gpio.o
                0x0800116c                HAL_GPIO_TogglePin
 .text.HAL_RCC_OscConfig
                0x0800119c      0x504 ./Drivers/STM32F1xx_HAL_Driver/Src/stm32f1xx_hal_rcc.o
                0x0800119c                HAL_RCC_OscConfig
 .text.HAL_RCC_ClockConfig
                0x080016a0      0x1d4 ./Drivers/STM32F1xx_HAL_Driver/Src/stm32f1xx_hal_rcc.o
                0x080016a0                HAL_RCC_ClockConfig
 .text.HAL_RCC_GetSysClockFreq
                0x08001874       0xbc ./Drivers/STM32F1xx_HAL_Driver/Src/stm32f1xx_hal_rcc.o
                0x08001874                HAL_RCC_GetSysClockFreq
 .text.HAL_RCC_GetHCLKFreq
                0x08001930       0x14 ./Drivers/STM32F1xx_HAL_Driver/Src/stm32f1xx_hal_rcc.o
                0x08001930                HAL_RCC_GetHCLKFreq
 .text.HAL_RCC_GetPCLK1Freq
                0x08001944       0x28 ./Drivers/STM32F1xx_HAL_Driver/Src/stm32f1xx_hal_rcc.o
                0x08001944                HAL_RCC_GetPCLK1Freq
 .text.HAL_RCC_GetPCLK2Freq
                0x0800196c       0x28 ./Drivers/STM32F1xx_HAL_Driver/Src/stm32f1xx_hal_rcc.o
                0x0800196c                HAL_RCC_GetPCLK2Freq
 .text.RCC_Delay
                0x08001994       0x3c ./Drivers/STM32F1xx_HAL_Driver/Src/stm32f1xx_hal_rcc.o
 .text.HAL_UART_Init
                0x080019d0       0x9a ./Drivers/STM32F1xx_HAL_Driver/Src/stm32f1xx_hal_uart.o
                0x080019d0                HAL_UART_Init
 .text.HAL_UART_Receive_IT
                0x08001a6a       0xa8 ./Drivers/STM32F1xx_HAL_Driver/Src/stm32f1xx_hal_uart.o
                0x08001a6a                HAL_UART_Receive_IT
 *fill*         0x08001b12        0x2 
 .text.HAL_UART_IRQHandler
                0x08001b14      0x1f4 ./Drivers/STM32F1xx_HAL_Driver/Src/stm32f1xx_hal_uart.o
                0x08001b14                HAL_UART_IRQHandler
 .text.HAL_UART_TxCpltCallback
                0x08001d08       0x12 ./Drivers/STM32F1xx_HAL_Driver/Src/stm32f1xx_hal_uart.o
                0x08001d08                HAL_UART_TxCpltCallback
 .text.HAL_UART_ErrorCallback
                0x08001d1a       0x12 ./Drivers/STM32F1xx_HAL_Driver/Src/stm32f1xx_hal_uart.o
                0x08001d1a                HAL_UART_ErrorCallback
 .text.UART_EndRxTransfer
                0x08001d2c       0x3a ./Drivers/STM32F1xx_HAL_Driver/Src/stm32f1xx_hal_uart.o
 .text.UART_DMAAbortOnError
                0x08001d66       0x28 ./Drivers/STM32F1xx_HAL_Driver/Src/stm32f1xx_hal_uart.o
 .text.UART_Transmit_IT
                0x08001d8e       0xaa ./Drivers/STM32F1xx_HAL_Driver/Src/stm32f1xx_hal_uart.o
 .text.UART_EndTransmit_IT
                0x08001e38       0x30 ./Drivers/STM32F1xx_HAL_Driver/Src/stm32f1xx_hal_uart.o
 .text.UART_Receive_IT
                0x08001e68      0x102 ./Drivers/STM32F1xx_HAL_Driver/Src/stm32f1xx_hal_uart.o
 *fill*         0x08001f6a        0x2 
 .text.UART_SetConfig
                0x08001f6c      0x1b4 ./Drivers/STM32F1xx_HAL_Driver/Src/stm32f1xx_hal_uart.o
 .text.memset   0x08002120       0x10 C:/ST/STM32CubeIDE_1.15.1/STM32CubeIDE/plugins/com.st.stm32cube.ide.mcu.externaltools.gnu-tools-for-stm32.12.3.rel1.win32_1.0.100.202403111256/tools/bin/../lib/gcc/arm-none-eabi/12.3.1/../../../../arm-none-eabi/lib/thumb/v7-m/nofp\libc_nano.a(libc_a-memset.o)
                0x08002120                memset
 .text.__libc_init_array
                0x08002130       0x48 C:/ST/STM32CubeIDE_1.15.1/STM32CubeIDE/plugins/com.st.stm32cube.ide.mcu.externaltools.gnu-tools-for-stm32.12.3.rel1.win32_1.0.100.202403111256/tools/bin/../lib/gcc/arm-none-eabi/12.3.1/../../../../arm-none-eabi/lib/thumb/v7-m/nofp\libc_nano.a(libc_a-init.o)
                0x08002130                __libc_init_array
 *(.glue_7)
 .glue_7        0x08002178        0x0 linker stubs
 *(.glue_7t)
 .glue_7t       0x08002178        0x0 linker stubs
 *(.eh_frame)
 .eh_frame      0x08002178        0x0 C:/ST/STM32CubeIDE_1.15.1/STM32CubeIDE/plugins/com.st.stm32cube.ide.mcu.externaltools.gnu-tools-for-stm32.12.3.rel1.win32_1.0.100.202403111256/tools/bin/../lib/gcc/arm-none-eabi/12.3.1/thumb/v7-m/nofp/crtbegin.o
 *(.init)
 .init          0x08002178        0x4 C:/ST/STM32CubeIDE_1.15.1/STM32CubeIDE/plugins/com.st.stm32cube.ide.mcu.externaltools.gnu-tools-for-stm32.12.3.rel1.win32_1.0.100.202403111256/tools/bin/../lib/gcc/arm-none-eabi/12.3.1/thumb/v7-m/nofp/crti.o
                0x08002178                _init
 .init          0x0800217c        0x8 C:/ST/STM32CubeIDE_1.15.1/STM32CubeIDE/plugins/com.st.stm32cube.ide.mcu.externaltools.gnu-tools-for-stm32.12.3.rel1.win32_1.0.100.202403111256/tools/bin/../lib/gcc/arm-none-eabi/12.3.1/thumb/v7-m/nofp/crtn.o
 *(.fini)
 .fini          0x08002184        0x4 C:/ST/STM32CubeIDE_1.15.1/STM32CubeIDE/plugins/com.st.stm32cube.ide.mcu.externaltools.gnu-tools-for-stm32.12.3.rel1.win32_1.0.100.202403111256/tools/bin/../lib/gcc/arm-none-eabi/12.3.1/thumb/v7-m/nofp/crti.o
                0x08002184                _fini
 .fini          0x08002188        0x8 C:/ST/STM32CubeIDE_1.15.1/STM32CubeIDE/plugins/com.st.stm32cube.ide.mcu.externaltools.gnu-tools-for-stm32.12.3.rel1.win32_1.0.100.202403111256/tools/bin/../lib/gcc/arm-none-eabi/12.3.1/thumb/v7-m/nofp/crtn.o
                0x08002190                        . = ALIGN (0x4)
                0x08002190                        _etext = .

.vfp11_veneer   0x08002190        0x0
 .vfp11_veneer  0x08002190        0x0 linker stubs

.v4_bx          0x08002190        0x0
 .v4_bx         0x08002190        0x0 linker stubs

.iplt           0x08002190        0x0
 .iplt          0x08002190        0x0 C:/ST/STM32CubeIDE_1.15.1/STM32CubeIDE/plugins/com.st.stm32cube.ide.mcu.externaltools.gnu-tools-for-stm32.12.3.rel1.win32_1.0.100.202403111256/tools/bin/../lib/gcc/arm-none-eabi/12.3.1/thumb/v7-m/nofp/crtbegin.o

.rodata         0x08002190       0x38
                0x08002190                        . = ALIGN (0x4)
 *(.rodata)
 .rodata        0x08002190        0xd ./Core/Src/main.o
 *fill*         0x0800219d        0x3 
 .rodata        0x080021a0       0x10 ./Drivers/STM32F1xx_HAL_Driver/Src/stm32f1xx_hal_rcc.o
 *(.rodata*)
 .rodata.AHBPrescTable
                0x080021b0       0x10 ./Core/Src/system_stm32f1xx.o
                0x080021b0                AHBPrescTable
 .rodata.APBPrescTable
                0x080021c0        0x8 ./Core/Src/system_stm32f1xx.o
                0x080021c0                APBPrescTable
                0x080021c8                        . = ALIGN (0x4)

.ARM.extab      0x080021c8        0x0
                0x080021c8                        . = ALIGN (0x4)
 *(.ARM.extab* .gnu.linkonce.armextab.*)
                0x080021c8                        . = ALIGN (0x4)

.ARM            0x080021c8        0x8
                0x080021c8                        . = ALIGN (0x4)
                0x080021c8                        __exidx_start = .
 *(.ARM.exidx*)
 .ARM.exidx     0x080021c8        0x8 C:/ST/STM32CubeIDE_1.15.1/STM32CubeIDE/plugins/com.st.stm32cube.ide.mcu.externaltools.gnu-tools-for-stm32.12.3.rel1.win32_1.0.100.202403111256/tools/bin/../lib/gcc/arm-none-eabi/12.3.1/../../../../arm-none-eabi/lib/thumb/v7-m/nofp\libc_nano.a(libc_a-strcmp.o)
                0x080021d0                        __exidx_end = .
                0x080021d0                        . = ALIGN (0x4)

.rel.dyn        0x080021d0        0x0
 .rel.iplt      0x080021d0        0x0 C:/ST/STM32CubeIDE_1.15.1/STM32CubeIDE/plugins/com.st.stm32cube.ide.mcu.externaltools.gnu-tools-for-stm32.12.3.rel1.win32_1.0.100.202403111256/tools/bin/../lib/gcc/arm-none-eabi/12.3.1/thumb/v7-m/nofp/crtbegin.o

.preinit_array  0x080021d0        0x0
                0x080021d0                        . = ALIGN (0x4)
                0x080021d0                        PROVIDE (__preinit_array_start = .)
 *(.preinit_array*)
                0x080021d0                        PROVIDE (__preinit_array_end = .)
                0x080021d0                        . = ALIGN (0x4)

.init_array     0x080021d0        0x4
                0x080021d0                        . = ALIGN (0x4)
                0x080021d0                        PROVIDE (__init_array_start = .)
 *(SORT_BY_NAME(.init_array.*))
 *(.init_array*)
 .init_array    0x080021d0        0x4 C:/ST/STM32CubeIDE_1.15.1/STM32CubeIDE/plugins/com.st.stm32cube.ide.mcu.externaltools.gnu-tools-for-stm32.12.3.rel1.win32_1.0.100.202403111256/tools/bin/../lib/gcc/arm-none-eabi/12.3.1/thumb/v7-m/nofp/crtbegin.o
                0x080021d4                        PROVIDE (__init_array_end = .)
                0x080021d4                        . = ALIGN (0x4)

.fini_array     0x080021d4        0x4
                0x080021d4                        . = ALIGN (0x4)
                [!provide]                        PROVIDE (__fini_array_start = .)
 *(SORT_BY_NAME(.fini_array.*))
 *(.fini_array*)
 .fini_array    0x080021d4        0x4 C:/ST/STM32CubeIDE_1.15.1/STM32CubeIDE/plugins/com.st.stm32cube.ide.mcu.externaltools.gnu-tools-for-stm32.12.3.rel1.win32_1.0.100.202403111256/tools/bin/../lib/gcc/arm-none-eabi/12.3.1/thumb/v7-m/nofp/crtbegin.o
                [!provide]                        PROVIDE (__fini_array_end = .)
                0x080021d8                        . = ALIGN (0x4)
                0x080021d8                        _sidata = LOADADDR (.data)

.data           0x20000000        0xc load address 0x080021d8
                0x20000000                        . = ALIGN (0x4)
                0x20000000                        _sdata = .
 *(.data)
 *(.data*)
 .data.SystemCoreClock
                0x20000000        0x4 ./Core/Src/system_stm32f1xx.o
                0x20000000                SystemCoreClock
 .data.uwTickPrio
                0x20000004        0x4 ./Drivers/STM32F1xx_HAL_Driver/Src/stm32f1xx_hal.o
                0x20000004                uwTickPrio
 .data.uwTickFreq
                0x20000008        0x1 ./Drivers/STM32F1xx_HAL_Driver/Src/stm32f1xx_hal.o
                0x20000008                uwTickFreq
 *(.RamFunc)
 *(.RamFunc*)
                0x2000000c                        . = ALIGN (0x4)
 *fill*         0x20000009        0x3 
                0x2000000c                        _edata = .

.igot.plt       0x2000000c        0x0 load address 0x080021e4
 .igot.plt      0x2000000c        0x0 C:/ST/STM32CubeIDE_1.15.1/STM32CubeIDE/plugins/com.st.stm32cube.ide.mcu.externaltools.gnu-tools-for-stm32.12.3.rel1.win32_1.0.100.202403111256/tools/bin/../lib/gcc/arm-none-eabi/12.3.1/thumb/v7-m/nofp/crtbegin.o
                0x2000000c                        . = ALIGN (0x4)

.bss            0x2000000c      0x1c0 load address 0x080021e4
                0x2000000c                        _sbss = .
                0x2000000c                        __bss_start__ = _sbss
 *(.bss)
 .bss           0x2000000c       0x1c C:/ST/STM32CubeIDE_1.15.1/STM32CubeIDE/plugins/com.st.stm32cube.ide.mcu.externaltools.gnu-tools-for-stm32.12.3.rel1.win32_1.0.100.202403111256/tools/bin/../lib/gcc/arm-none-eabi/12.3.1/thumb/v7-m/nofp/crtbegin.o
 *(.bss*)
 .bss.huart1    0x20000028       0x40 ./Core/Src/main.o
                0x20000028                huart1
 .bss.huart2    0x20000068       0x40 ./Core/Src/main.o
                0x20000068                huart2
 .bss.fifo_queue
                0x200000a8       0x10 ./Core/Src/main.o
                0x200000a8                fifo_queue
 .bss.fifo_head
                0x200000b8        0x1 ./Core/Src/main.o
                0x200000b8                fifo_head
 .bss.fifo_tail
                0x200000b9        0x1 ./Core/Src/main.o
                0x200000b9                fifo_tail
 *fill*         0x200000ba        0x2 
 .bss.usart1_rx_buffer
                0x200000bc       0x80 ./Core/Src/main.o
                0x200000bc                usart1_rx_buffer
 .bss.usart2_rx_buffer
                0x2000013c       0x80 ./Core/Src/main.o
                0x2000013c                usart2_rx_buffer
 .bss.usart1_rx_head
                0x200001bc        0x2 ./Core/Src/main.o
                0x200001bc                usart1_rx_head
 .bss.usart1_rx_tail
                0x200001be        0x2 ./Core/Src/main.o
                0x200001be                usart1_rx_tail
 .bss.usart2_rx_head
                0x200001c0        0x2 ./Core/Src/main.o
                0x200001c0                usart2_rx_head
 .bss.usart2_rx_tail
                0x200001c2        0x2 ./Core/Src/main.o
                0x200001c2                usart2_rx_tail
 .bss.usart1_new_message_flag
                0x200001c4        0x1 ./Core/Src/main.o
                0x200001c4                usart1_new_message_flag
 .bss.usart2_new_message_flag
                0x200001c5        0x1 ./Core/Src/main.o
                0x200001c5                usart2_new_message_flag
 .bss.msgsrv_notify_flag
                0x200001c6        0x1 ./Core/Src/main.o
                0x200001c6                msgsrv_notify_flag
 .bss.sender    0x200001c7        0x1 ./Core/Src/main.o
                0x200001c7                sender
 .bss.uwTick    0x200001c8        0x4 ./Drivers/STM32F1xx_HAL_Driver/Src/stm32f1xx_hal.o
                0x200001c8                uwTick
 *(COMMON)
                0x200001cc                        . = ALIGN (0x4)
                0x200001cc                        _ebss = .
                0x200001cc                        __bss_end__ = _ebss

._user_heap_stack
                0x200001cc      0x604 load address 0x080021e4
                0x200001d0                        . = ALIGN (0x8)
 *fill*         0x200001cc        0x4 
                [!provide]                        PROVIDE (end = .)
                0x200001d0                        PROVIDE (_end = .)
                0x200003d0                        . = (. + _Min_Heap_Size)
 *fill*         0x200001d0      0x200 
                0x200007d0                        . = (. + _Min_Stack_Size)
 *fill*         0x200003d0      0x400 
                0x200007d0                        . = ALIGN (0x8)

/DISCARD/
 libc.a(*)
 libm.a(*)
 libgcc.a(*)

.ARM.attributes
                0x00000000       0x29
 *(.ARM.attributes)
 .ARM.attributes
                0x00000000       0x1d C:/ST/STM32CubeIDE_1.15.1/STM32CubeIDE/plugins/com.st.stm32cube.ide.mcu.externaltools.gnu-tools-for-stm32.12.3.rel1.win32_1.0.100.202403111256/tools/bin/../lib/gcc/arm-none-eabi/12.3.1/thumb/v7-m/nofp/crti.o
 .ARM.attributes
                0x0000001d       0x2d C:/ST/STM32CubeIDE_1.15.1/STM32CubeIDE/plugins/com.st.stm32cube.ide.mcu.externaltools.gnu-tools-for-stm32.12.3.rel1.win32_1.0.100.202403111256/tools/bin/../lib/gcc/arm-none-eabi/12.3.1/thumb/v7-m/nofp/crtbegin.o
 .ARM.attributes
                0x0000004a       0x2d ./Core/Src/main.o
 .ARM.attributes
                0x00000077       0x2d ./Core/Src/stm32f1xx_hal_msp.o
 .ARM.attributes
                0x000000a4       0x2d ./Core/Src/stm32f1xx_it.o
 .ARM.attributes
                0x000000d1       0x2d ./Core/Src/system_stm32f1xx.o
 .ARM.attributes
                0x000000fe       0x21 ./Core/Startup/startup_stm32f103c8tx.o
 .ARM.attributes
                0x0000011f       0x2d ./Drivers/STM32F1xx_HAL_Driver/Src/stm32f1xx_hal.o
 .ARM.attributes
                0x0000014c       0x2d ./Drivers/STM32F1xx_HAL_Driver/Src/stm32f1xx_hal_cortex.o
 .ARM.attributes
                0x00000179       0x2d ./Drivers/STM32F1xx_HAL_Driver/Src/stm32f1xx_hal_dma.o
 .ARM.attributes
                0x000001a6       0x2d ./Drivers/STM32F1xx_HAL_Driver/Src/stm32f1xx_hal_gpio.o
 .ARM.attributes
                0x000001d3       0x2d ./Drivers/STM32F1xx_HAL_Driver/Src/stm32f1xx_hal_rcc.o
 .ARM.attributes
                0x00000200       0x2d ./Drivers/STM32F1xx_HAL_Driver/Src/stm32f1xx_hal_uart.o
 .ARM.attributes
                0x0000022d       0x2d C:/ST/STM32CubeIDE_1.15.1/STM32CubeIDE/plugins/com.st.stm32cube.ide.mcu.externaltools.gnu-tools-for-stm32.12.3.rel1.win32_1.0.100.202403111256/tools/bin/../lib/gcc/arm-none-eabi/12.3.1/../../../../arm-none-eabi/lib/thumb/v7-m/nofp\libc_nano.a(libc_a-memset.o)
 .ARM.attributes
                0x0000025a       0x2d C:/ST/STM32CubeIDE_1.15.1/STM32CubeIDE/plugins/com.st.stm32cube.ide.mcu.externaltools.gnu-tools-for-stm32.12.3.rel1.win32_1.0.100.202403111256/tools/bin/../lib/gcc/arm-none-eabi/12.3.1/../../../../arm-none-eabi/lib/thumb/v7-m/nofp\libc_nano.a(libc_a-init.o)
 .ARM.attributes
                0x00000287       0x1b C:/ST/STM32CubeIDE_1.15.1/STM32CubeIDE/plugins/com.st.stm32cube.ide.mcu.externaltools.gnu-tools-for-stm32.12.3.rel1.win32_1.0.100.202403111256/tools/bin/../lib/gcc/arm-none-eabi/12.3.1/../../../../arm-none-eabi/lib/thumb/v7-m/nofp\libc_nano.a(libc_a-strcmp.o)
 .ARM.attributes
                0x000002a2       0x1d C:/ST/STM32CubeIDE_1.15.1/STM32CubeIDE/plugins/com.st.stm32cube.ide.mcu.externaltools.gnu-tools-for-stm32.12.3.rel1.win32_1.0.100.202403111256/tools/bin/../lib/gcc/arm-none-eabi/12.3.1/thumb/v7-m/nofp/crtn.o
OUTPUT(Base_code.elf elf32-littlearm)
LOAD linker stubs
LOAD C:/ST/STM32CubeIDE_1.15.1/STM32CubeIDE/plugins/com.st.stm32cube.ide.mcu.externaltools.gnu-tools-for-stm32.12.3.rel1.win32_1.0.100.202403111256/tools/bin/../lib/gcc/arm-none-eabi/12.3.1/../../../../arm-none-eabi/lib/thumb/v7-m/nofp\libc.a
LOAD C:/ST/STM32CubeIDE_1.15.1/STM32CubeIDE/plugins/com.st.stm32cube.ide.mcu.externaltools.gnu-tools-for-stm32.12.3.rel1.win32_1.0.100.202403111256/tools/bin/../lib/gcc/arm-none-eabi/12.3.1/../../../../arm-none-eabi/lib/thumb/v7-m/nofp\libm.a
LOAD C:/ST/STM32CubeIDE_1.15.1/STM32CubeIDE/plugins/com.st.stm32cube.ide.mcu.externaltools.gnu-tools-for-stm32.12.3.rel1.win32_1.0.100.202403111256/tools/bin/../lib/gcc/arm-none-eabi/12.3.1/thumb/v7-m/nofp\libgcc.a

.debug_info     0x00000000     0x598d
 .debug_info    0x00000000      0xee5 ./Core/Src/main.o
 .debug_info    0x00000ee5      0x976 ./Core/Src/stm32f1xx_hal_msp.o
 .debug_info    0x0000185b      0x5b8 ./Core/Src/stm32f1xx_it.o
 .debug_info    0x00001e13      0x3ed ./Core/Src/system_stm32f1xx.o
 .debug_info    0x00002200       0x30 ./Core/Startup/startup_stm32f103c8tx.o
 .debug_info    0x00002230      0x6ee ./Drivers/STM32F1xx_HAL_Driver/Src/stm32f1xx_hal.o
 .debug_info    0x0000291e      0xa87 ./Drivers/STM32F1xx_HAL_Driver/Src/stm32f1xx_hal_cortex.o
 .debug_info    0x000033a5      0x6cd ./Drivers/STM32F1xx_HAL_Driver/Src/stm32f1xx_hal_dma.o
 .debug_info    0x00003a72      0x59c ./Drivers/STM32F1xx_HAL_Driver/Src/stm32f1xx_hal_gpio.o
 .debug_info    0x0000400e      0x7e9 ./Drivers/STM32F1xx_HAL_Driver/Src/stm32f1xx_hal_rcc.o
 .debug_info    0x000047f7     0x1196 ./Drivers/STM32F1xx_HAL_Driver/Src/stm32f1xx_hal_uart.o

.debug_abbrev   0x00000000     0x1623
 .debug_abbrev  0x00000000      0x38a ./Core/Src/main.o
 .debug_abbrev  0x0000038a      0x1c3 ./Core/Src/stm32f1xx_hal_msp.o
 .debug_abbrev  0x0000054d      0x171 ./Core/Src/stm32f1xx_it.o
 .debug_abbrev  0x000006be      0x13d ./Core/Src/system_stm32f1xx.o
 .debug_abbrev  0x000007fb       0x24 ./Core/Startup/startup_stm32f103c8tx.o
 .debug_abbrev  0x0000081f      0x214 ./Drivers/STM32F1xx_HAL_Driver/Src/stm32f1xx_hal.o
 .debug_abbrev  0x00000a33      0x2f8 ./Drivers/STM32F1xx_HAL_Driver/Src/stm32f1xx_hal_cortex.o
 .debug_abbrev  0x00000d2b      0x20b ./Drivers/STM32F1xx_HAL_Driver/Src/stm32f1xx_hal_dma.o
 .debug_abbrev  0x00000f36      0x1ca ./Drivers/STM32F1xx_HAL_Driver/Src/stm32f1xx_hal_gpio.o
 .debug_abbrev  0x00001100      0x2b1 ./Drivers/STM32F1xx_HAL_Driver/Src/stm32f1xx_hal_rcc.o
 .debug_abbrev  0x000013b1      0x272 ./Drivers/STM32F1xx_HAL_Driver/Src/stm32f1xx_hal_uart.o

.debug_aranges  0x00000000      0x6c0
 .debug_aranges
                0x00000000       0xb8 ./Core/Src/main.o
 .debug_aranges
                0x000000b8       0x30 ./Core/Src/stm32f1xx_hal_msp.o
 .debug_aranges
                0x000000e8       0x70 ./Core/Src/stm32f1xx_it.o
 .debug_aranges
                0x00000158       0x28 ./Core/Src/system_stm32f1xx.o
 .debug_aranges
                0x00000180       0x28 ./Core/Startup/startup_stm32f103c8tx.o
 .debug_aranges
                0x000001a8       0xe0 ./Drivers/STM32F1xx_HAL_Driver/Src/stm32f1xx_hal.o
 .debug_aranges
                0x00000288      0x100 ./Drivers/STM32F1xx_HAL_Driver/Src/stm32f1xx_hal_cortex.o
 .debug_aranges
                0x00000388       0x80 ./Drivers/STM32F1xx_HAL_Driver/Src/stm32f1xx_hal_dma.o
 .debug_aranges
                0x00000408       0x58 ./Drivers/STM32F1xx_HAL_Driver/Src/stm32f1xx_hal_gpio.o
 .debug_aranges
                0x00000460       0x90 ./Drivers/STM32F1xx_HAL_Driver/Src/stm32f1xx_hal_rcc.o
 .debug_aranges
                0x000004f0      0x1d0 ./Drivers/STM32F1xx_HAL_Driver/Src/stm32f1xx_hal_uart.o

.debug_rnglists
                0x00000000      0x513
 .debug_rnglists
                0x00000000       0x94 ./Core/Src/main.o
 .debug_rnglists
                0x00000094       0x20 ./Core/Src/stm32f1xx_hal_msp.o
 .debug_rnglists
                0x000000b4       0x4f ./Core/Src/stm32f1xx_it.o
 .debug_rnglists
                0x00000103       0x1a ./Core/Src/system_stm32f1xx.o
 .debug_rnglists
                0x0000011d       0x19 ./Core/Startup/startup_stm32f103c8tx.o
 .debug_rnglists
                0x00000136       0xa3 ./Drivers/STM32F1xx_HAL_Driver/Src/stm32f1xx_hal.o
 .debug_rnglists
                0x000001d9       0xbb ./Drivers/STM32F1xx_HAL_Driver/Src/stm32f1xx_hal_cortex.o
 .debug_rnglists
                0x00000294       0x64 ./Drivers/STM32F1xx_HAL_Driver/Src/stm32f1xx_hal_dma.o
 .debug_rnglists
                0x000002f8       0x3f ./Drivers/STM32F1xx_HAL_Driver/Src/stm32f1xx_hal_gpio.o
 .debug_rnglists
                0x00000337       0x6c ./Drivers/STM32F1xx_HAL_Driver/Src/stm32f1xx_hal_rcc.o
 .debug_rnglists
                0x000003a3      0x170 ./Drivers/STM32F1xx_HAL_Driver/Src/stm32f1xx_hal_uart.o

.debug_macro    0x00000000    0x134a5
 .debug_macro   0x00000000      0x2a8 ./Core/Src/main.o
 .debug_macro   0x000002a8      0xaa8 ./Core/Src/main.o
 .debug_macro   0x00000d50      0x215 ./Core/Src/main.o
 .debug_macro   0x00000f65       0x2e ./Core/Src/main.o
 .debug_macro   0x00000f93       0x22 ./Core/Src/main.o
 .debug_macro   0x00000fb5       0x22 ./Core/Src/main.o
 .debug_macro   0x00000fd7       0x8e ./Core/Src/main.o
 .debug_macro   0x00001065       0x51 ./Core/Src/main.o
 .debug_macro   0x000010b6      0x103 ./Core/Src/main.o
 .debug_macro   0x000011b9       0x6a ./Core/Src/main.o
 .debug_macro   0x00001223      0x1df ./Core/Src/main.o
 .debug_macro   0x00001402       0x1c ./Core/Src/main.o
 .debug_macro   0x0000141e       0x22 ./Core/Src/main.o
 .debug_macro   0x00001440       0xbd ./Core/Src/main.o
 .debug_macro   0x000014fd      0xd23 ./Core/Src/main.o
 .debug_macro   0x00002220     0xe09e ./Core/Src/main.o
 .debug_macro   0x000102be       0x43 ./Core/Src/main.o
 .debug_macro   0x00010301      0x189 ./Core/Src/main.o
 .debug_macro   0x0001048a       0x5a ./Core/Src/main.o
 .debug_macro   0x000104e4      0x5be ./Core/Src/main.o
 .debug_macro   0x00010aa2      0x289 ./Core/Src/main.o
 .debug_macro   0x00010d2b      0x1cb ./Core/Src/main.o
 .debug_macro   0x00010ef6      0x114 ./Core/Src/main.o
 .debug_macro   0x0001100a      0x1b2 ./Core/Src/main.o
 .debug_macro   0x000111bc       0x27 ./Core/Src/main.o
 .debug_macro   0x000111e3      0x136 ./Core/Src/main.o
 .debug_macro   0x00011319      0x1bc ./Core/Src/main.o
 .debug_macro   0x000114d5       0x34 ./Core/Src/main.o
 .debug_macro   0x00011509       0x3c ./Core/Src/main.o
 .debug_macro   0x00011545       0x57 ./Core/Src/main.o
 .debug_macro   0x0001159c       0x88 ./Core/Src/main.o
 .debug_macro   0x00011624      0x241 ./Core/Src/main.o
 .debug_macro   0x00011865      0x141 ./Core/Src/main.o
 .debug_macro   0x000119a6      0x26b ./Core/Src/main.o
 .debug_macro   0x00011c11       0x83 ./Core/Src/main.o
 .debug_macro   0x00011c94       0x10 ./Core/Src/main.o
 .debug_macro   0x00011ca4       0x61 ./Core/Src/main.o
 .debug_macro   0x00011d05       0x24 ./Core/Src/main.o
 .debug_macro   0x00011d29       0x43 ./Core/Src/main.o
 .debug_macro   0x00011d6c       0x34 ./Core/Src/main.o
 .debug_macro   0x00011da0       0x16 ./Core/Src/main.o
 .debug_macro   0x00011db6       0x43 ./Core/Src/main.o
 .debug_macro   0x00011df9       0x34 ./Core/Src/main.o
 .debug_macro   0x00011e2d       0x10 ./Core/Src/main.o
 .debug_macro   0x00011e3d       0x58 ./Core/Src/main.o
 .debug_macro   0x00011e95       0x8e ./Core/Src/main.o
 .debug_macro   0x00011f23       0x1c ./Core/Src/main.o
 .debug_macro   0x00011f3f      0x177 ./Core/Src/main.o
 .debug_macro   0x000120b6      0x369 ./Core/Src/main.o
 .debug_macro   0x0001241f       0x10 ./Core/Src/main.o
 .debug_macro   0x0001242f       0x35 ./Core/Src/main.o
 .debug_macro   0x00012464       0x20 ./Core/Src/main.o
 .debug_macro   0x00012484       0x1c ./Core/Src/main.o
 .debug_macro   0x000124a0       0x10 ./Core/Src/main.o
 .debug_macro   0x000124b0       0x1c ./Core/Src/main.o
 .debug_macro   0x000124cc       0x16 ./Core/Src/main.o
 .debug_macro   0x000124e2      0x146 ./Core/Src/main.o
 .debug_macro   0x00012628      0x194 ./Core/Src/stm32f1xx_hal_msp.o
 .debug_macro   0x000127bc      0x19e ./Core/Src/stm32f1xx_it.o
 .debug_macro   0x0001295a      0x18b ./Core/Src/system_stm32f1xx.o
 .debug_macro   0x00012ae5      0x1a9 ./Drivers/STM32F1xx_HAL_Driver/Src/stm32f1xx_hal.o
 .debug_macro   0x00012c8e      0x185 ./Drivers/STM32F1xx_HAL_Driver/Src/stm32f1xx_hal_cortex.o
 .debug_macro   0x00012e13      0x185 ./Drivers/STM32F1xx_HAL_Driver/Src/stm32f1xx_hal_dma.o
 .debug_macro   0x00012f98      0x1f0 ./Drivers/STM32F1xx_HAL_Driver/Src/stm32f1xx_hal_gpio.o
 .debug_macro   0x00013188      0x197 ./Drivers/STM32F1xx_HAL_Driver/Src/stm32f1xx_hal_rcc.o
 .debug_macro   0x0001331f      0x186 ./Drivers/STM32F1xx_HAL_Driver/Src/stm32f1xx_hal_uart.o

.debug_line     0x00000000     0x728c
 .debug_line    0x00000000      0xbdc ./Core/Src/main.o
 .debug_line    0x00000bdc      0x725 ./Core/Src/stm32f1xx_hal_msp.o
 .debug_line    0x00001301      0x785 ./Core/Src/stm32f1xx_it.o
 .debug_line    0x00001a86      0x73f ./Core/Src/system_stm32f1xx.o
 .debug_line    0x000021c5       0x76 ./Core/Startup/startup_stm32f103c8tx.o
 .debug_line    0x0000223b      0x938 ./Drivers/STM32F1xx_HAL_Driver/Src/stm32f1xx_hal.o
 .debug_line    0x00002b73      0xb2a ./Drivers/STM32F1xx_HAL_Driver/Src/stm32f1xx_hal_cortex.o
 .debug_line    0x0000369d      0xd96 ./Drivers/STM32F1xx_HAL_Driver/Src/stm32f1xx_hal_dma.o
 .debug_line    0x00004433      0x9d8 ./Drivers/STM32F1xx_HAL_Driver/Src/stm32f1xx_hal_gpio.o
 .debug_line    0x00004e0b      0xd49 ./Drivers/STM32F1xx_HAL_Driver/Src/stm32f1xx_hal_rcc.o
 .debug_line    0x00005b54     0x1738 ./Drivers/STM32F1xx_HAL_Driver/Src/stm32f1xx_hal_uart.o

.debug_str      0x00000000    0x69dd3
 .debug_str     0x00000000    0x6856c ./Core/Src/main.o
                              0x68895 (size before relaxing)
 .debug_str     0x0006856c      0x382 ./Core/Src/stm32f1xx_hal_msp.o
                              0x64f82 (size before relaxing)
 .debug_str     0x000688ee      0x101 ./Core/Src/stm32f1xx_it.o
                              0x64c4b (size before relaxing)
 .debug_str     0x000689ef       0xee ./Core/Src/system_stm32f1xx.o
                              0x648ac (size before relaxing)
 .debug_str     0x00068add       0x44 ./Core/Startup/startup_stm32f103c8tx.o
                                 0x8e (size before relaxing)
 .debug_str     0x00068b21      0x448 ./Drivers/STM32F1xx_HAL_Driver/Src/stm32f1xx_hal.o
                              0x64f58 (size before relaxing)
 .debug_str     0x00068f69      0x25c ./Drivers/STM32F1xx_HAL_Driver/Src/stm32f1xx_hal_cortex.o
                              0x64eb1 (size before relaxing)
 .debug_str     0x000691c5      0x244 ./Drivers/STM32F1xx_HAL_Driver/Src/stm32f1xx_hal_dma.o
                              0x64bdb (size before relaxing)
 .debug_str     0x00069409      0x2ce ./Drivers/STM32F1xx_HAL_Driver/Src/stm32f1xx_hal_gpio.o
                              0x64bb8 (size before relaxing)
 .debug_str     0x000696d7      0x23d ./Drivers/STM32F1xx_HAL_Driver/Src/stm32f1xx_hal_rcc.o
                              0x64c61 (size before relaxing)
 .debug_str     0x00069914      0x4bf ./Drivers/STM32F1xx_HAL_Driver/Src/stm32f1xx_hal_uart.o
                              0x65169 (size before relaxing)

.comment        0x00000000       0x43
 .comment       0x00000000       0x43 ./Core/Src/main.o
                                 0x44 (size before relaxing)
 .comment       0x00000043       0x44 ./Core/Src/stm32f1xx_hal_msp.o
 .comment       0x00000043       0x44 ./Core/Src/stm32f1xx_it.o
 .comment       0x00000043       0x44 ./Core/Src/system_stm32f1xx.o
 .comment       0x00000043       0x44 ./Drivers/STM32F1xx_HAL_Driver/Src/stm32f1xx_hal.o
 .comment       0x00000043       0x44 ./Drivers/STM32F1xx_HAL_Driver/Src/stm32f1xx_hal_cortex.o
 .comment       0x00000043       0x44 ./Drivers/STM32F1xx_HAL_Driver/Src/stm32f1xx_hal_dma.o
 .comment       0x00000043       0x44 ./Drivers/STM32F1xx_HAL_Driver/Src/stm32f1xx_hal_gpio.o
 .comment       0x00000043       0x44 ./Drivers/STM32F1xx_HAL_Driver/Src/stm32f1xx_hal_rcc.o
 .comment       0x00000043       0x44 ./Drivers/STM32F1xx_HAL_Driver/Src/stm32f1xx_hal_uart.o

.debug_frame    0x00000000     0x1a44
 .debug_frame   0x00000000      0x2c4 ./Core/Src/main.o
 .debug_frame   0x000002c4       0x80 ./Core/Src/stm32f1xx_hal_msp.o
 .debug_frame   0x00000344      0x13c ./Core/Src/stm32f1xx_it.o
 .debug_frame   0x00000480       0x58 ./Core/Src/system_stm32f1xx.o
 .debug_frame   0x000004d8      0x334 ./Drivers/STM32F1xx_HAL_Driver/Src/stm32f1xx_hal.o
 .debug_frame   0x0000080c      0x428 ./Drivers/STM32F1xx_HAL_Driver/Src/stm32f1xx_hal_cortex.o
 .debug_frame   0x00000c34      0x208 ./Drivers/STM32F1xx_HAL_Driver/Src/stm32f1xx_hal_dma.o
 .debug_frame   0x00000e3c      0x14c ./Drivers/STM32F1xx_HAL_Driver/Src/stm32f1xx_hal_gpio.o
 .debug_frame   0x00000f88      0x21c ./Drivers/STM32F1xx_HAL_Driver/Src/stm32f1xx_hal_rcc.o
 .debug_frame   0x000011a4      0x834 ./Drivers/STM32F1xx_HAL_Driver/Src/stm32f1xx_hal_uart.o
 .debug_frame   0x000019d8       0x20 C:/ST/STM32CubeIDE_1.15.1/STM32CubeIDE/plugins/com.st.stm32cube.ide.mcu.externaltools.gnu-tools-for-stm32.12.3.rel1.win32_1.0.100.202403111256/tools/bin/../lib/gcc/arm-none-eabi/12.3.1/../../../../arm-none-eabi/lib/thumb/v7-m/nofp\libc_nano.a(libc_a-memset.o)
 .debug_frame   0x000019f8       0x2c C:/ST/STM32CubeIDE_1.15.1/STM32CubeIDE/plugins/com.st.stm32cube.ide.mcu.externaltools.gnu-tools-for-stm32.12.3.rel1.win32_1.0.100.202403111256/tools/bin/../lib/gcc/arm-none-eabi/12.3.1/../../../../arm-none-eabi/lib/thumb/v7-m/nofp\libc_nano.a(libc_a-init.o)
 .debug_frame   0x00001a24       0x20 C:/ST/STM32CubeIDE_1.15.1/STM32CubeIDE/plugins/com.st.stm32cube.ide.mcu.externaltools.gnu-tools-for-stm32.12.3.rel1.win32_1.0.100.202403111256/tools/bin/../lib/gcc/arm-none-eabi/12.3.1/../../../../arm-none-eabi/lib/thumb/v7-m/nofp\libc_nano.a(libc_a-strcmp.o)

.debug_line_str
                0x00000000       0x72
 .debug_line_str
                0x00000000       0x72 ./Core/Startup/startup_stm32f103c8tx.o
