../Core/Src/main.c:80:6:check_send_flags	8	static
../Core/Src/main.c:87:6:check_USART_1_routine	144	static
../Core/Src/main.c:100:6:check_USART_2_routine	144	static
../Core/Src/main.c:110:6:check_FIFO_queue	16	static
../Core/Src/main.c:122:6:fifo_enqueue	16	static
../Core/Src/main.c:128:13:fifo_dequeue	16	static
../Core/Src/main.c:134:5:is_fifo_empty	4	static
../Core/Src/main.c:139:13:add_crlf	16	static
../Core/Src/main.c:145:6:send_usart_message	24	static
../Core/Src/main.c:151:6:circular_buffer_write	24	static
../Core/Src/main.c:156:9:circular_buffer_read	24	static
../Core/Src/main.c:163:9:check_for_new_message	24	static
../Core/Src/main.c:171:6:HAL_UART_RxCpltCallback	24	static
../Core/Src/main.c:240:5:main	16	static,ignoring_inline_asm
../Core/Src/main.c:328:6:SystemClock_Config	72	static
../Core/Src/main.c:365:13:MX_USART1_UART_Init	8	static
../Core/Src/main.c:398:13:MX_USART2_UART_Init	8	static
../Core/Src/main.c:431:13:MX_GPIO_Init	40	static
../Core/Src/main.c:470:6:Error_Handler	4	static,ignoring_inline_asm
