../Core/Src/main.c:81:6:check_send_flags	4	static
../Core/Src/main.c:84:6:check_USART_1_routine	144	static
../Core/Src/main.c:97:6:check_USART_2_routine	144	static
../Core/Src/main.c:107:6:check_FIFO_queue	16	static
../Core/Src/main.c:119:6:fifo_enqueue	16	static
../Core/Src/main.c:125:13:fifo_dequeue	16	static
../Core/Src/main.c:131:5:is_fifo_empty	4	static
../Core/Src/main.c:136:13:add_crlf	16	static
../Core/Src/main.c:142:6:send_usart_message	24	static
../Core/Src/main.c:148:6:circular_buffer_write	24	static
../Core/Src/main.c:153:9:circular_buffer_read	24	static
../Core/Src/main.c:160:9:check_for_new_message	24	static
../Core/Src/main.c:168:6:HAL_UART_RxCpltCallback	24	static
../Core/Src/main.c:195:6:function_play_alarm	8	static
../Core/Src/main.c:242:5:main	16	static,ignoring_inline_asm
../Core/Src/main.c:309:6:SystemClock_Config	72	static
../Core/Src/main.c:346:13:MX_USART1_UART_Init	8	static
../Core/Src/main.c:379:13:MX_USART2_UART_Init	8	static
../Core/Src/main.c:412:13:MX_GPIO_Init	40	static
../Core/Src/main.c:451:6:Error_Handler	4	static,ignoring_inline_asm
